0
0
0
0
0
0
0
0
0
0
0
0
0
0
0
0
0
0
0
0
0
0
0
0
0
0
0
0
0
0
0
0
0
0
0
0
0
0
0
0
0
0
0
0
0
0
0
0
0
0
0
0
0
0
0
0
0
0
0
0
0
0
0
0
0
0
0
0
0
0
0
0
0
0
0
0
0
0
0
0
0
0
0
0
0
0
0
0
0
0
0
0
0
0
0
0
0
0
0
0
0
0
0
0
0
0
0
0
0
0
0
0
0
0
0
0
0
0
0
0
0
0
0
0
0
0
0
0
0
0
0
0
0
0
0
0
0
0
0
0
0
0
0
0
0
0
0
0
0
0
0
0
0
0
0
0
0
0
0
0
0
0
0
0
0
0
0
0
0
0
0
0
0
12b4
3f2d
68d2
797c
5ca1
3d78
186c
900
0
0
0
0
0
0
0
0
0
0
0
0
0
0
0
0
0
0
0
0
4ef6
db12
160fa
1803f
152a7
119a2
d245
a9cc
9168
9168
9168
9168
9168
9168
8b2c
6992
381c
d00
0
0
0
0
0
0
0
0
0
0
7053
13616
1e260
2078d
1f435
1ebd1
1d099
1b47c
1a063
1a0ba
1a7fa
1a716
1a15d
1a06f
197e2
14e24
bcee
36b4
0
0
0
0
0
0
0
0
0
0
4ab8
d468
13b09
1504c
1654c
1a378
1de27
1eb00
1f105
1f47f
20cbc
2098c
1f5bc
21717
2472d
21c7e
13ce6
5d28
0
0
0
0
0
0
0
0
0
0
f71
3323
4c6f
52d4
62b7
949e
d89c
f7d3
107a3
10ff3
12b9f
127e3
122ef
1922c
22a1c
230b5
14152
514e
0
0
0
0
0
0
0
0
0
0
0
0
0
0
0
3eb
1585
202b
25e9
2bf8
39d7
3ce5
8316
148f5
206dd
1d256
d631
2290
0
0
0
0
0
0
0
0
0
0
0
0
0
0
0
0
0
0
0
0
0
2475
c9ac
1c062
218d4
162d8
67d4
4b6
0
0
0
0
0
0
0
0
0
0
0
0
0
0
0
0
0
0
0
0
d23
794e
15c1a
2215e
1de1c
e01b
2665
0
0
0
0
0
0
0
0
0
0
0
0
0
0
0
0
0
0
0
0
0
325b
ec4a
1dc25
213a2
1524d
675c
b84
0
0
0
0
0
0
0
0
0
0
0
0
0
0
0
0
0
0
0
0
201
6c5b
1560b
212a7
1b48d
b12f
121f
0
0
0
0
0
0
0
0
0
0
0
0
0
0
0
0
0
0
0
0
0
1f38
c479
1b116
1f19d
12fae
48c6
14f
0
0
0
0
0
0
0
0
0
0
0
0
0
0
0
0
0
0
0
0
10b3
79e3
150d3
1f8a1
19f86
a9a4
f2e
0
0
0
0
0
0
0
0
0
0
0
0
0
0
0
0
0
0
0
0
43b
508c
10f95
1ee6f
1f7c5
1252c
453b
0
0
0
0
0
0
0
0
0
0
0
0
0
0
0
0
0
0
0
0
ab
34aa
d652
1c3c2
22ddb
195db
9b9d
eeb
0
0
0
0
0
0
0
0
0
0
0
0
0
0
0
0
0
0
0
0
984
8fa7
1781b
2359e
1e536
f6b7
38b5
0
0
0
0
0
0
0
0
0
0
0
0
0
0
0
0
0
0
0
0
6e7
480a
115f0
1f97f
2160e
13d29
63bb
929
0
0
0
0
0
0
0
0
0
0
0
0
0
0
0
0
0
0
0
0
2883
c167
1b2f7
224aa
19617
9818
1488
0
0
0
0
0
0
0
0
0
0
0
0
0
0
0
0
0
0
0
0
d95
7bc0
15de9
25010
22a87
1331c
3f2c
43
0
0
0
0
0
0
0
0
0
0
0
0
0
0
0
0
0
0
0
0
3063
e88c
1e706
29a66
21807
10f9c
2b50
0
0
0
0
0
0
0
0
0
0
0
0
0
0
0
0
0
0
0
0
0
538a
138a6
23155
2761d
1ba24
c001
1cc4
0
0
0
0
0
0
0
0
0
0
0
0
0
0
0
0
0
0
0
0
0
466d
f975
1a626
19acf
f3d6
4efb
a78
0
0
0
0
0
0
0
0
0
0
0
0
0
0
0
0
0
0
0
0
0
1be3
6771
ada2
9371
3cdb
4b6
0
0
0
0
0
0
0
0
0
0
0
0
0
0
0
0
0
0
0
0
0
0
0
0
0
0
0
0
0
0
0
0
0
0
0
0
0
0
0
0
0
0
0
0
0
0
0
0
0
0
0
0
0
0
0
0
0
0
0
0
0
0
0
0
0
0
0
0
0
0
0
0
0
0
0
0
0
0
0
0
0
0
0
0
0
0
0
0
0
0
0
0
0
0
0
0
0
0
0
0
0
0
0
0
0
0
0
0
0
0
0
0
0
0
0
0
0
0
0
0
0
0
0
0
0
0
0
0
0
0
0
0
0
0
0
0
0
0
0
0
0
0
0
0
0
0
0
0
0
0
0
0
0
0
0
0
0
0
0
0
0
0
0
0
0
0
0
0
0
0
0
0
0
0
0
0
0
0
0
0
0
0
0
0
0
0
1164
3805
5025
52de
3bcd
22db
d74
384
0
0
0
0
0
0
0
0
0
0
0
0
0
0
0
0
0
0
0
0
4e1e
cefc
128e2
13e51
10f8d
d944
97d6
75f7
6618
6618
6618
6618
6618
6618
604c
41f6
1b92
514
0
0
0
0
0
0
0
0
0
0
8063
1445e
1d2a6
1f431
1d8ca
1c72f
19975
17593
15f78
162c1
16596
164c2
15f91
15fec
1586d
109d8
8434
1e88
0
0
0
0
0
0
0
0
0
0
67b2
ea3a
150b7
16728
17eac
1b92d
1e9cc
1eeb0
1ede1
1f744
205d8
202a8
1ef50
2121d
239c4
1ddd2
10218
472e
0
0
0
0
0
0
0
0
0
0
178e
3dcd
522a
6144
73a4
ad01
f3fd
10c97
122d3
129f2
143bd
13f45
135ba
1aa4f
227ab
1fbb7
111bb
4db0
0
0
0
0
0
0
0
0
0
0
0
0
0
0
0
5fa
1cb7
1f5e
2fb0
316f
412b
42e9
830e
158c1
1e397
19c8b
c184
254e
0
0
0
0
0
0
0
0
0
0
0
0
0
0
0
0
0
0
0
0
0
2321
cfcc
1b660
1e394
12d09
6317
558
0
0
0
0
0
0
0
0
0
0
0
0
0
0
0
0
0
0
0
0
c37
791d
16197
1fadd
1a68e
cd61
26e8
0
0
0
0
0
0
0
0
0
0
0
0
0
0
0
0
0
0
0
0
0
321f
f720
1cdb4
1e532
128d5
6983
d10
0
0
0
0
0
0
0
0
0
0
0
0
0
0
0
0
0
0
0
0
1dd
73ff
1658e
1f1b7
17c9a
a3fd
1407
0
0
0
0
0
0
0
0
0
0
0
0
0
0
0
0
0
0
0
0
0
1d88
d056
1a786
1bff1
10559
4bf1
17c
0
0
0
0
0
0
0
0
0
0
0
0
0
0
0
0
0
0
0
0
f87
772f
1514e
1d0e9
16718
9d01
1138
0
0
0
0
0
0
0
0
0
0
0
0
0
0
0
0
0
0
0
0
3ef
4e79
11241
1d1ae
1c3c3
fd60
4883
0
0
0
0
0
0
0
0
0
0
0
0
0
0
0
0
0
0
0
0
9f
31ef
d6fb
1af62
20097
1641d
92f8
10ec
0
0
0
0
0
0
0
0
0
0
0
0
0
0
0
0
0
0
0
0
904
924e
17cc0
209b1
1b6ee
df10
3ca1
0
0
0
0
0
0
0
0
0
0
0
0
0
0
0
0
0
0
0
0
66b
4484
12110
1dbf2
1ebd5
11e32
656d
a64
0
0
0
0
0
0
0
0
0
0
0
0
0
0
0
0
0
0
0
0
2767
c150
1aa0e
1f3da
161a6
8f2c
172f
0
0
0
0
0
0
0
0
0
0
0
0
0
0
0
0
0
0
0
0
ca1
7cc8
161d0
22867
1ebd0
fdeb
3867
4c
0
0
0
0
0
0
0
0
0
0
0
0
0
0
0
0
0
0
0
0
3067
f432
1d949
26dad
1d4b4
e331
2434
0
0
0
0
0
0
0
0
0
0
0
0
0
0
0
0
0
0
0
0
0
5cd1
14d23
21db5
25100
18987
b687
1c68
0
0
0
0
0
0
0
0
0
0
0
0
0
0
0
0
0
0
0
0
0
58dc
116b3
1b52b
19e8e
eb76
53d2
be0
0
0
0
0
0
0
0
0
0
0
0
0
0
0
0
0
0
0
0
0
0
2a8a
8087
bf0c
94d9
434a
558
0
0
0
0
0
0
0
0
0
0
0
0
0
2
2
2
2
2
2
2
2
2
2
2
2
2
2
2
2
2
2
2
2
2
2
2
2
2
2
2
2
2
2
2
2
2
2
2
2
2
2
2
2
2
2
2
2
2
2
2
2
2
2
2
2
2
2
2
2
2
2
2
2
2
2
2
2
2
2
2
2
2
2
2
2
2
2
2
2
2
2
2
2
2
2
2
2
2
2
2
2
2
2
2
2
2
2
2
2
2
2
2
2
2
2
2
2
2
2
2
2
2
2
2
2
2
2
2
2
2
2
2
2
2
2
2
2
2
2
2
2
2
2
2
2
2
2
2
2
2
2
2
2
2
2
2
2
2
2
2
2
2
2
2
2
2
2
2
2
2
2
2
2
2
2
2
2
2
2
2
2
2
2
2
2
2
231e
701d
b671
d7ad
a224
6eae
2b0a
10e2
2
2
2
2
2
2
2
2
2
2
2
2
2
2
2
2
2
2
2
2
78b0
11ec1
1c8ba
1eef7
1c552
197b2
14dae
121f4
10190
10190
10190
10190
10190
10190
f5dc
b8f2
653a
1862
2
2
2
2
2
2
2
2
2
2
5065
b479
1383c
16a12
19050
1d860
200e9
20a40
203a0
2020a
20fa2
20df6
20387
20368
1fa9e
1a66e
fbac
534e
2
2
2
2
2
2
2
2
2
2
0
0
23bd
384a
47e7
85b8
db2f
f70a
11252
10f70
13223
12d77
11200
15883
1af53
1dfba
13a9c
682e
2
2
2
2
2
2
2
2
2
2
0
0
0
0
0
0
0
0
70a
13a
1717
1573
2e77
ca6c
1600a
18bb4
fcbe
3f10
2
2
2
2
2
2
2
2
2
2
2
2
2
2
2
0
0
0
0
0
0
0
86a2
10f8f
163dc
131a0
9021
1434
2
2
2
2
2
2
2
2
2
2
2
2
2
2
2
2
2
2
2
2
2
3d3b
df02
16cb1
172dc
1061e
4baf
266
2
2
2
2
2
2
2
2
2
2
2
2
2
2
2
2
2
2
2
2
18ab
a5c2
12ed0
17b1e
13fb5
9a01
19fc
2
2
2
2
2
2
2
2
2
2
2
2
2
2
2
2
2
2
2
2
2
4b30
e64b
167c2
149f4
cea2
34cc
5da
2
2
2
2
2
2
2
2
2
2
2
2
2
2
2
2
2
2
2
2
3c5
7699
fe01
1575f
12550
7af4
9f1
2
2
2
2
2
2
2
2
2
2
2
2
2
2
2
2
2
2
2
2
2
37a9
c38f
140ef
1410c
d360
2c4d
ac
2
2
2
2
2
2
2
2
2
2
2
2
2
2
2
2
2
2
2
2
1f5b
af86
13816
16248
11958
7692
7b6
2
2
2
2
2
2
2
2
2
2
2
2
2
2
2
2
2
2
2
2
7f3
7d26
11a40
189d2
14778
ca5b
2b8d
2
2
2
2
2
2
2
2
2
2
2
2
2
2
2
2
2
2
2
2
143
5c68
fc21
182c7
1753b
107f9
65cf
794
2
2
2
2
2
2
2
2
2
2
2
2
2
2
2
2
2
2
2
2
10e3
b975
14340
1974a
12634
932e
21f3
2
2
2
2
2
2
2
2
2
2
2
2
2
2
2
2
2
2
2
2
cf7
7653
1026a
16b72
13fcd
b357
35f4
4a8
2
2
2
2
2
2
2
2
2
2
2
2
2
2
2
2
2
2
2
2
41e4
ec05
176c3
1724b
109d3
5d9d
a93
2
2
2
2
2
2
2
2
2
2
2
2
2
2
2
2
2
2
2
2
1981
a2b4
12ffa
1d0eb
1a391
10f6c
3947
24
2
2
2
2
2
2
2
2
2
2
2
2
2
2
2
2
2
2
2
2
46d6
dea2
17c58
1f8fb
1a40a
fd80
2b56
2
2
2
2
2
2
2
2
2
2
2
2
2
2
2
2
2
2
2
2
2
4b45
d74c
1838c
19871
11abb
7eef
1482
2
2
2
2
2
2
2
2
2
2
2
2
2
2
2
2
2
2
2
2
2
976
34f0
82e4
7ca6
58a6
212e
552
2
2
2
2
2
2
2
2
2
2
2
2
2
2
2
2
2
2
2
2
2
0
0
0
12a9
1a96
266
2
2
2
2
2
2
2
2
2
2
2
2
2
0
0
0
0
0
0
0
0
0
0
0
0
0
0
0
0
0
0
0
0
0
0
0
0
0
0
0
0
0
0
0
0
0
0
0
0
0
0
0
0
0
0
0
0
0
0
0
0
0
0
0
0
0
0
0
0
0
0
0
0
0
0
0
0
0
0
0
0
0
0
0
0
0
0
0
0
0
0
0
0
0
0
0
0
0
0
0
0
0
0
0
0
0
0
0
0
0
0
0
0
0
0
0
0
0
0
0
0
0
0
0
0
0
0
0
0
0
0
0
0
0
0
0
0
0
0
0
0
0
0
0
0
0
0
0
0
0
0
0
0
0
0
0
0
0
0
0
0
0
0
0
0
0
0
0
0
0
0
0
0
0
0
0
0
0
0
0
0
0
0
0
0
0
1848
53fe
8bbf
9ff2
7a82
4ffb
2010
b64
0
0
0
0
0
0
0
0
0
0
0
0
0
0
0
0
0
0
0
0
5094
e0a8
16ed3
18986
16d0e
13d01
10107
d7af
bfd0
bfd0
bfd0
bfd0
bfd0
bfd0
b7b8
8b70
48ae
1074
0
0
0
0
0
0
0
0
0
0
400a
d401
14793
158e0
16686
1891d
1a631
1a1be
19bdf
19d3b
1a668
1a540
19dba
19c0f
19907
15d74
c908
3b20
0
0
0
0
0
0
0
0
0
0
108e
5333
75a1
7a02
88d4
ba1d
f98d
113a6
1210d
1277a
14084
13d6c
129ca
152bb
19dd8
1a8ee
ffa2
4976
0
0
0
0
0
0
0
0
0
0
10c
aae
1044
b58
11b0
1c84
35fb
47e7
4780
5243
6160
5fc0
6c2e
d133
170af
18548
cf2b
23ec
0
0
0
0
0
0
0
0
0
0
0
0
0
0
0
44
34a
8fc
2e8
9f2
9f2
102e
63b8
ff8a
18a49
133ed
6b52
522
0
0
0
0
0
0
0
0
0
0
0
0
0
0
0
0
0
0
0
0
0
2996
b01d
170b4
19411
e25f
27fb
0
0
0
0
0
0
0
0
0
0
0
0
0
0
0
0
0
0
0
0
0
110e
76f3
123a1
19b60
13cd4
748e
c8c
0
0
0
0
0
0
0
0
0
0
0
0
0
0
0
0
0
0
0
0
0
31f8
c496
17a13
1767e
bf24
191b
0
0
0
0
0
0
0
0
0
0
0
0
0
0
0
0
0
0
0
0
0
29a
596d
108e5
18364
11c59
51f6
16d
0
0
0
0
0
0
0
0
0
0
0
0
0
0
0
0
0
0
0
0
0
262e
a501
15578
162a5
b102
1134
0
0
0
0
0
0
0
0
0
0
0
0
0
0
0
0
0
0
0
0
0
15ae
7c8d
121fa
185d7
11591
4da3
0
0
0
0
0
0
0
0
0
0
0
0
0
0
0
0
0
0
0
0
0
57e
556f
f179
19219
16665
a883
1041
0
0
0
0
0
0
0
0
0
0
0
0
0
0
0
0
0
0
0
0
de
3f7b
c83f
17b5d
196c0
ff4a
41fb
0
0
0
0
0
0
0
0
0
0
0
0
0
0
0
0
0
0
0
0
0
b92
8067
13d6c
1b10f
139c2
7b37
9fb
0
0
0
0
0
0
0
0
0
0
0
0
0
0
0
0
0
0
0
0
8f6
537b
e95f
187f2
15f3d
aa65
1aec
0
0
0
0
0
0
0
0
0
0
0
0
0
0
0
0
0
0
0
0
0
2c80
b2cc
16f1e
19fe4
fdfd
3be2
49
0
0
0
0
0
0
0
0
0
0
0
0
0
0
0
0
0
0
0
0
11a2
7693
1246a
1d3b3
199f8
d04e
1f6a
0
0
0
0
0
0
0
0
0
0
0
0
0
0
0
0
0
0
0
0
0
2ee4
bfbe
187e0
1f072
188cd
b87d
1b7c
0
0
0
0
0
0
0
0
0
0
0
0
0
0
0
0
0
0
0
0
0
3b90
e480
19ecc
1a1db
114a6
5b75
b68
0
0
0
0
0
0
0
0
0
0
0
0
0
0
0
0
0
0
0
0
0
1986
7747
d8d1
c601
601f
a72
0
0
0
0
0
0
0
0
0
0
0
0
0
0
0
0
0
0
0
0
0
0
1e4
140a
24f8
1bc6
264
0
0
0
0
0
0
0
0
0
0
0
0
0
0
0
0
0
0
0
0
0
0
0
0
0
0
0
0
0
0
0
0
0
0
0
0
0
0
0
0
0
0
0
0
0
0
0
0
0
0
0
0
0
0
0
0
0
0
0
0
0
0
0
0
0
0
0
0
0
0
0
0
0
0
0
0
0
0
0
0
0
0
0
0
0
0
0
0
0
0
0
0
0
0
0
0
0
0
0
0
0
0
0
0
0
0
0
0
0
0
0
0
0
0
0
0
0
0
0
0
0
0
0
0
0
0
0
0
0
0
0
0
0
0
0
0
0
0
0
0
0
0
0
0
0
0
0
0
0
0
0
0
0
0
0
0
0
0
0
0
0
0
0
0
0
0
0
0
0
0
0
0
0
0
0
0
0
0
0
0
0
0
0
0
0
0
0
19ec
4a7b
585a
51af
33a4
194d
828
6c
0
0
0
0
0
0
0
0
0
0
0
0
0
0
0
0
0
0
0
0
6456
dd59
11603
12903
fc40
cf9f
8f51
739b
686a
686a
686a
686a
686a
686a
5fc6
3590
cc2
9c
0
0
0
0
0
0
0
0
0
0
7f6f
12094
193c4
1b30f
1a907
1a1c9
17bf2
157f4
1452b
14ad5
14b2c
149f0
142a1
145f3
14045
e7b4
6316
1114
0
0
0
0
0
0
0
0
0
0
5539
c016
114da
12d84
14111
17739
1a819
1a448
1a913
1b41e
1bd59
1b95d
1a2be
1deb0
20a89
19818
cad0
3836
0
0
0
0
0
0
0
0
0
0
120f
3086
42f6
4f3e
5cc7
8c50
c93c
da21
f32d
f4f1
10c27
1080b
109f9
192aa
1eae3
19e10
da35
43c6
0
0
0
0
0
0
0
0
0
0
0
0
0
0
0
495
164e
19b0
26cb
2777
3521
39c3
9283
14e58
192c7
145f1
a26d
20ac
0
0
0
0
0
0
0
0
0
0
0
0
0
0
0
0
0
0
0
0
0
3025
decb
18bf2
18962
f014
53d2
4a4
0
0
0
0
0
0
0
0
0
0
0
0
0
0
0
0
0
0
0
0
1235
8fdd
150d5
1a509
14e91
ad86
2276
0
0
0
0
0
0
0
0
0
0
0
0
0
0
0
0
0
0
0
0
0
3f66
fdef
19818
182e2
ef0e
5b83
b58
0
0
0
0
0
0
0
0
0
0
0
0
0
0
0
0
0
0
0
0
2c7
836c
154b5
19d28
12c7d
8bc0
1178
0
0
0
0
0
0
0
0
0
0
0
0
0
0
0
0
0
0
0
0
0
2a4b
dce0
17852
16317
d2d7
42c2
14a
0
0
0
0
0
0
0
0
0
0
0
0
0
0
0
0
0
0
0
0
1725
8f27
14127
17d90
11aad
860b
ef4
0
0
0
0
0
0
0
0
0
0
0
0
0
0
0
0
0
0
0
0
5dd
648d
11573
191ef
16757
cd48
3fd8
0
0
0
0
0
0
0
0
0
0
0
0
0
0
0
0
0
0
0
0
ed
4677
e67c
17ecb
1a3ae
11a37
7eb5
eb2
0
0
0
0
0
0
0
0
0
0
0
0
0
0
0
0
0
0
0
0
cdd
a940
1662f
1b3fe
15aec
bab5
3530
0
0
0
0
0
0
0
0
0
0
0
0
0
0
0
0
0
0
0
0
991
5ac0
1210c
192bd
187de
eab7
58a1
906
0
0
0
0
0
0
0
0
0
0
0
0
0
0
0
0
0
0
0
0
34ca
d2f7
18447
198c5
11812
7902
1426
0
0
0
0
0
0
0
0
0
0
0
0
0
0
0
0
0
0
0
0
12d3
920f
150a7
1e6d8
1944b
ca1b
2df6
42
0
0
0
0
0
0
0
0
0
0
0
0
0
0
0
0
0
0
0
0
3c74
fa84
1ac0b
21ecf
18019
b635
1d50
0
0
0
0
0
0
0
0
0
0
0
0
0
0
0
0
0
0
0
0
0
63a1
13fdd
1dfe0
1e974
139d5
9d56
1948
0
0
0
0
0
0
0
0
0
0
0
0
0
0
0
0
0
0
0
0
0
4e76
eb9a
16ad7
15483
c9a8
486e
a50
0
0
0
0
0
0
0
0
0
0
0
0
0
0
0
0
0
0
0
0
0
209d
649a
9a75
7d52
3a26
4a4
0
0
0
0
0
0
0
0
0
0
0
0
0
0
0
0
0
0
0
0
0
0
0
0
0
0
0
0
0
0
0
0
0
0
0
0
0
0
0
0
0
0
0
0
0
0
0
0
0
0
0
0
0
0
0
0
0
0
0
0
0
0
0
0
0
0
0
0
0
0
0
0
0
0
0
0
0
0
0
0
0
0
0
0
0
0
0
0
0
0
0
0
0
0
0
0
0
0
0
0
0
0
0
0
0
0
0
0
0
0
0
0
0
0
0
0
0
0
0
0
0
0
0
0
0
0
0
0
0
0
0
0
0
0
0
0
0
0
0
0
0
0
0
0
0
0
0
0
0
0
0
0
0
0
0
0
0
0
0
0
0
0
0
0
0
0
0
0
0
0
0
0
0
0
0
0
0
0
0
0
0
0
0
0
0
0
2664
79a1
ba28
d14b
9a52
6427
26a0
da4
0
0
0
0
0
0
0
0
0
0
0
0
0
0
0
0
0
0
0
0
869a
1437d
1dee4
1f8fe
1ca4f
19131
14599
11755
fcea
fcea
fcea
fcea
fcea
fcea
f01e
add4
575e
13b4
0
0
0
0
0
0
0
0
0
0
8d2d
15143
1c095
1dd23
1daf0
20854
21b45
216d2
2134d
2151d
2201a
21e46
212e9
2138d
20b95
1a642
e466
43ac
0
0
0
0
0
0
0
0
0
0
5723
a607
ccf0
da64
f41f
132a5
177a6
18917
1a0de
1a8fa
1c537
1bffb
1a110
1ef27
24529
211e0
1226a
5296
0
0
0
0
0
0
0
0
0
0
1252
25fa
2331
2d2a
3c5e
5c03
8778
8b8b
9e41
a7db
b876
b436
c189
17a6f
22bc2
1eda2
e9a3
2cd6
0
0
0
0
0
0
0
0
0
0
0
0
0
0
0
4a6
13c6
b87
179c
19f2
1d0d
24eb
a49b
1b21c
2255f
17320
7baf
b46
0
0
0
0
0
0
0
0
0
0
0
0
0
0
0
0
0
0
0
0
0
43a3
12930
22b98
20664
10290
3617
10e
0
0
0
0
0
0
0
0
0
0
0
0
0
0
0
0
0
0
0
0
1af7
c4c1
1d671
23a11
179f3
84f0
113d
0
0
0
0
0
0
0
0
0
0
0
0
0
0
0
0
0
0
0
0
0
5410
14de3
22b4d
1e421
de78
25bf
294
0
0
0
0
0
0
0
0
0
0
0
0
0
0
0
0
0
0
0
0
41d
a645
1b733
2152b
14b67
61eb
50a
0
0
0
0
0
0
0
0
0
0
0
0
0
0
0
0
0
0
0
0
0
3d23
124da
20343
1c15f
c71a
1bc7
4b
0
0
0
0
0
0
0
0
0
0
0
0
0
0
0
0
0
0
0
0
2247
c7fe
1ccb6
215a1
13f82
5d35
366
0
0
0
0
0
0
0
0
0
0
0
0
0
0
0
0
0
0
0
0
8af
8afb
182d6
24296
1c19b
bc7b
1ab2
0
0
0
0
0
0
0
0
0
0
0
0
0
0
0
0
0
0
0
0
15f
6599
142c4
236c1
21e33
12883
4fcd
357
0
0
0
0
0
0
0
0
0
0
0
0
0
0
0
0
0
0
0
0
128d
db72
1ee09
24e31
18a92
89b0
1392
0
0
0
0
0
0
0
0
0
0
0
0
0
0
0
0
0
0
0
0
e2b
83df
18f35
230d4
1c8fc
c389
266c
20d
0
0
0
0
0
0
0
0
0
0
0
0
0
0
0
0
0
0
0
0
4904
11f00
22df7
2241b
12ea0
4b2f
4cb
0
0
0
0
0
0
0
0
0
0
0
0
0
0
0
0
0
0
0
0
1be1
c67a
1d44c
295ab
1f894
f004
292b
f
0
0
0
0
0
0
0
0
0
0
0
0
0
0
0
0
0
0
0
0
4f5e
147ca
2434f
2b1e6
1d42d
d6c9
20d4
0
0
0
0
0
0
0
0
0
0
0
0
0
0
0
0
0
0
0
0
0
77b8
18a8a
2528d
23d3e
14374
69ec
e4c
0
0
0
0
0
0
0
0
0
0
0
0
0
0
0
0
0
0
0
0
0
50d3
ea6b
1482c
10cdb
7216
15f5
258
0
0
0
0
0
0
0
0
0
0
0
0
0
0
0
0
0
0
0
0
0
2116
51be
597d
28d4
df5
10e
0
0
0
0
0
0
0
0
0
0
0
0
0