0
0
0
0
0
0
0
0
0
0
0
0
0
0
0
0
0
0
0
0
0
0
0
0
0
0
0
0
0
0
0
0
0
0
0
0
0
0
0
0
0
0
0
0
4ef6
160fa
1803f
119a2
a9cc
9168
9168
9168
6992
d00
0
0
0
0
7053
1e260
2078d
1ebd1
1f105
20cbc
2098c
2472d
21c7e
5d28
0
0
0
0
f71
4c6f
62b7
d89c
107a3
12b9f
127e3
22a1c
230b5
514e
0
0
0
0
0
0
0
0
0
d23
15c1a
2215e
162d8
4b6
0
0
0
0
0
0
0
0
0
6c5b
212a7
213a2
675c
0
0
0
0
0
0
0
0
0
10b3
150d3
1f8a1
12fae
14f
0
0
0
0
0
0
0
0
ab
d652
22ddb
1f7c5
453b
0
0
0
0
0
0
0
0
0
480a
1f97f
2359e
f6b7
0
0
0
0
0
0
0
0
0
d95
15de9
25010
19617
1488
0
0
0
0
0
0
0
0
0
538a
23155
29a66
10f9c
0
0
0
0
0
0
0
0
0
0
466d
1a626
19acf
4efb
0
0
0
0
0
0
0
0
0
0
0
0
0
0
0
0
0
0
0
0
0
0
0
0
0
0
0
0
0
0
0
0
0
0
0
0
0
0
0
0
0
0
0
0
0
0
0
0
0
0
4e1e
128e2
13e51
d944
75f7
6618
6618
6618
41f6
514
0
0
0
0
8063
1d2a6
1f431
1e9cc
1eeb0
205d8
202a8
239c4
1ddd2
472e
0
0
0
0
178e
522a
73a4
f3fd
122d3
143bd
13f45
227ab
1fbb7
4db0
0
0
0
0
0
0
0
0
0
c37
16197
1fadd
12d09
558
0
0
0
0
0
0
0
0
0
73ff
1f1b7
1e532
6983
0
0
0
0
0
0
0
0
0
f87
1514e
1d0e9
10559
17c
0
0
0
0
0
0
0
0
9f
d6fb
20097
1c3c3
4883
0
0
0
0
0
0
0
0
0
4484
1dbf2
209b1
df10
0
0
0
0
0
0
0
0
0
ca1
161d0
22867
161a6
172f
0
0
0
0
0
0
0
0
0
5cd1
21db5
26dad
e331
0
0
0
0
0
0
0
0
0
0
58dc
1b52b
19e8e
53d2
0
0
0
0
0
0
2
2
2
2
2
2
2
2
2
2
2
2
2
2
2
2
2
2
2
2
2
2
2
2
2
2
2
2
2
2
2
2
2
2
2
2
2
2
2
2
2
2
2
2
78b0
1c8ba
1eef7
197b2
121f4
10190
10190
10190
b8f2
1862
2
2
2
2
5065
1383c
19050
200e9
20a40
20fa2
20df6
20368
1dfba
682e
2
2
2
2
2
2
2
0
70a
1717
86a2
163dc
18bb4
3f10
2
2
2
2
2
2
2
2
2
18ab
12ed0
17b1e
1061e
266
2
2
2
2
2
2
2
2
2
7699
167c2
149f4
34cc
2
2
2
2
2
2
2
2
2
1f5b
13816
16248
d360
ac
2
2
2
2
2
2
2
2
143
fc21
189d2
14778
2b8d
2
2
2
2
2
2
2
2
2
7653
16b72
1974a
932e
2
2
2
2
2
2
2
2
2
1981
12ffa
1d0eb
10f6c
a93
2
2
2
2
2
2
2
2
2
4b45
1838c
1f8fb
fd80
2
2
2
2
2
2
2
2
2
2
976
82e4
7ca6
212e
2
2
2
2
2
2
0
0
0
0
0
0
0
0
0
0
0
0
0
0
0
0
0
0
0
0
0
0
0
0
0
0
0
0
0
0
0
0
0
0
0
0
0
0
0
0
0
0
0
0
5094
16ed3
18986
13d01
d7af
bfd0
bfd0
bfd0
8b70
1074
0
0
0
0
400a
14793
16686
1a631
1a1be
1a668
1a540
19dd8
1a8ee
4976
0
0
0
0
10c
1044
11b0
35fb
47e7
6160
6c2e
18a49
18548
23ec
0
0
0
0
0
0
0
0
0
110e
123a1
19b60
e25f
0
0
0
0
0
0
0
0
0
0
596d
18364
1767e
191b
0
0
0
0
0
0
0
0
0
15ae
121fa
185d7
b102
0
0
0
0
0
0
0
0
0
de
c83f
196c0
16665
1041
0
0
0
0
0
0
0
0
0
537b
187f2
1b10f
7b37
0
0
0
0
0
0
0
0
0
11a2
1246a
1d3b3
fdfd
49
0
0
0
0
0
0
0
0
0
3b90
19ecc
1f072
b87d
0
0
0
0
0
0
0
0
0
0
1986
d8d1
c601
a72
0
0
0
0
0
0
0
0
0
0
0
0
0
0
0
0
0
0
0
0
0
0
0
0
0
0
0
0
0
0
0
0
0
0
0
0
0
0
0
0
0
0
0
0
0
0
0
0
0
0
6456
11603
12903
cf9f
739b
686a
686a
686a
3590
9c
0
0
0
0
7f6f
193c4
1b30f
1a819
1a913
1bd59
1b95d
20a89
19818
3836
0
0
0
0
120f
42f6
5cc7
c93c
f32d
10c27
109f9
1eae3
19e10
43c6
0
0
0
0
0
0
0
0
0
1235
150d5
1a509
f014
4a4
0
0
0
0
0
0
0
0
0
836c
19d28
182e2
5b83
0
0
0
0
0
0
0
0
0
1725
14127
17d90
d2d7
14a
0
0
0
0
0
0
0
0
ed
e67c
1a3ae
16757
3fd8
0
0
0
0
0
0
0
0
0
5ac0
192bd
1b3fe
bab5
0
0
0
0
0
0
0
0
0
12d3
150a7
1e6d8
11812
1426
0
0
0
0
0
0
0
0
0
63a1
1dfe0
21ecf
b635
0
0
0
0
0
0
0
0
0
0
4e76
16ad7
15483
486e
0
0
0
0
0
0
0
0
0
0
0
0
0
0
0
0
0
0
0
0
0
0
0
0
0
0
0
0
0
0
0
0
0
0
0
0
0
0
0
0
0
0
0
0
0
0
0
0
0
0
869a
1dee4
1f8fe
19131
11755
fcea
fcea
fcea
add4
13b4
0
0
0
0
8d2d
1c095
1dd23
21b45
216d2
2201a
21e46
24529
211e0
5296
0
0
0
0
1252
25fa
3c5e
8778
9e41
b876
c189
22bc2
1eda2
2cd6
0
0
0
0
0
0
0
0
0
1af7
1d671
23a11
10290
10e
0
0
0
0
0
0
0
0
0
a645
22b4d
1e421
25bf
0
0
0
0
0
0
0
0
0
2247
1ccb6
215a1
c71a
4b
0
0
0
0
0
0
0
0
15f
142c4
24296
1c19b
1ab2
0
0
0
0
0
0
0
0
0
83df
230d4
24e31
89b0
0
0
0
0
0
0
0
0
0
1be1
1d44c
295ab
12ea0
4cb
0
0
0
0
0
0
0
0
0
77b8
2528d
2b1e6
d6c9
0
0
0
0
0
0
0
0
0
0
50d3
1482c
10cdb
15f5
0
0
0
0
0
0