7
2
1
0
4
1
4
9
5
9
0
6
9
0
1
5
9
7
3
4
9
6
6
5
4
0
7
4
0
1
3
1
3
4
7
2
7
1
2
1
1
7
4
2
3
5
1
2
4
4
6
3
5
5
6
0
4
1
9
5
7
8
9
3
7
4
6
4
3
0
7
0
2
9
1
7
3
2
9
7
7
6
2
7
8
4
7
3
6
1
3
6
9
3
1
4
1
7
6
9
6
0
5
4
9
9
2
1
9
4
8
7
3
9
7
4
4
4
9
2
5
4
7
6
7
9
0
5
8
5
6
6
5
7
8
1
0
1
6
4
6
7
3
1
7
1
8
2
0
2
9
9
5
5
1
5
6
0
3
4
4
6
5
4
6
5
4
5
1
4
4
7
2
3
2
7
1
8
1
8
1
8
5
0
8
9
2
5
0
1
1
1
0
9
0
3
1
6
4
2